#-----------------------------------------------------------
# PlanAhead v14.7 (64-bit)
# Build 321239 by xbuild on Fri Sep 27 19:29:51 MDT 2013
# Start of session at: Thu Jun 05 13:49:56 2025
# Process ID: 4644
# Log file: C:/Users/Student/Desktop/lg mf mg/Minesweeper/planAhead_run_1/planAhead.log
# Journal file: C:/Users/Student/Desktop/lg mf mg/Minesweeper/planAhead_run_1/planAhead.jou
#-----------------------------------------------------------
INFO: [Common 17-78] Attempting to get a license: PlanAhead
INFO: [Common 17-290] Got license for PlanAhead
INFO: [Common 17-86] Your PlanAhead license expires in -1892 day(s)
INFO: [Device 21-36] Loading parts and site information from C:/Xilinx/14.7/ISE_DS/PlanAhead/data/parts/arch.xml
Parsing RTL primitives file [C:/Xilinx/14.7/ISE_DS/PlanAhead/data/parts/xilinx/rtl/prims/rtl_prims.xml]
Finished parsing RTL primitives file [C:/Xilinx/14.7/ISE_DS/PlanAhead/data/parts/xilinx/rtl/prims/rtl_prims.xml]
start_gui
source {C:/Users/Student/Desktop/lg mf mg/Minesweeper/pa.fromNetlist.tcl}
# create_project -name Minesweeper -dir "C:/Users/Student/Desktop/lg mf mg/Minesweeper/planAhead_run_2" -part xc3s500efg320-4
create_project: Time (s): elapsed = 00:00:09 . Memory (MB): peak = 436.645 ; gain = 69.480
# set_property design_mode GateLvl [get_property srcset [current_run -impl]]
# set_property edif_top_file "C:/Users/Student/Desktop/lg mf mg/Minesweeper/Ploca.ngc" [ get_property srcset [ current_run ] ]
# add_files -norecurse { {C:/Users/Student/Desktop/lg mf mg/Minesweeper} }
# set_property target_constrs_file "Ploca.ucf" [current_fileset -constrset]
Adding file 'C:/Users/Student/Desktop/lg mf mg/Minesweeper/Ploca.ucf' to fileset 'constrs_1'
# add_files [list {Ploca.ucf}] -fileset [get_property constrset [current_run]]
# link_design
Design is defaulting to srcset: sources_1
Design is defaulting to constrset: constrs_1
Design is defaulting to project part: xc3s500efg320-4
Release 14.7 - ngc2edif P.20131013 (nt64)
Copyright (c) 1995-2013 Xilinx, Inc.  All rights reserved.
Reading design Ploca.ngc ...
WARNING:NetListWriters:298 - No output is written to Ploca.xncf, ignored.
Processing design ...
   Preping design's networks ...
   Preping design's macros ...
  finished :Prep
Writing EDIF netlist file Ploca.edif ...
ngc2edif: Total memory usage is 79468 kilobytes

Parsing EDIF File [./planAhead_run_2/Minesweeper.data/cache/Ploca_ngc_zx.edif]
INFO: [Common 17-41] Interrupt caught. Command should exit soon.
INFO: [Common 17-344] 'link_design' was cancelled
INFO: [Common 17-344] 'source' was cancelled
exit
ERROR: [PlanAhead 12-106] *** Exception: ui.h.b: Found deleted key in HTclEventBroker. Verify if the classes listed here call cleanup()
HTclEvent: DEBUG_CORE_CONFIG_CHANGE   Classes: ui.views.aR 
HTclEvent: DEBUG_PORT_CONFIG_CHANGE   Classes: ui.views.aR 
HTclEvent: SIGNAL_MODIFY   Classes: ui.views.aR 
HTclEvent: SIGNAL_BUS_MODIFY   Classes: ui.views.aR 
 (See C:/Users/Student/Desktop/lg mf mg/Minesweeper\planAhead_pid4644.debug)
ERROR: [Common 17-39] 'stop_gui' failed due to earlier errors.
INFO: [Common 17-206] Exiting PlanAhead at Thu Jun 05 13:51:25 2025...
INFO: [Common 17-83] Releasing license: PlanAhead
