Release 14.7 - xst P.20131013 (nt64)
Copyright (c) 1995-2013 Xilinx, Inc.  All rights reserved.
--> Parameter TMPDIR set to xst/projnav.tmp


Total REAL time to Xst completion: 0.00 secs
Total CPU time to Xst completion: 0.08 secs
 
--> Parameter xsthdpdir set to xst


Total REAL time to Xst completion: 0.00 secs
Total CPU time to Xst completion: 0.08 secs
 
--> Reading design: Ploca.prj

TABLE OF CONTENTS
  1) Synthesis Options Summary
  2) HDL Compilation
  3) Design Hierarchy Analysis
  4) HDL Analysis
  5) HDL Synthesis
     5.1) HDL Synthesis Report
  6) Advanced HDL Synthesis
     6.1) Advanced HDL Synthesis Report
  7) Low Level Synthesis
  8) Partition Report
  9) Final Report
	9.1) Device utilization summary
	9.2) Partition Resource Summary
	9.3) TIMING REPORT


=========================================================================
*                      Synthesis Options Summary                        *
=========================================================================
---- Source Parameters
Input File Name                    : "Ploca.prj"
Input Format                       : mixed
Ignore Synthesis Constraint File   : NO

---- Target Parameters
Output File Name                   : "Ploca"
Output Format                      : NGC
Target Device                      : xc3s500e-5-fg320

---- Source Options
Top Module Name                    : Ploca
Automatic FSM Extraction           : YES
FSM Encoding Algorithm             : Auto
Safe Implementation                : No
FSM Style                          : LUT
RAM Extraction                     : Yes
RAM Style                          : Auto
ROM Extraction                     : Yes
Mux Style                          : Auto
Decoder Extraction                 : YES
Priority Encoder Extraction        : Yes
Shift Register Extraction          : YES
Logical Shifter Extraction         : YES
XOR Collapsing                     : YES
ROM Style                          : Auto
Mux Extraction                     : Yes
Resource Sharing                   : YES
Asynchronous To Synchronous        : NO
Multiplier Style                   : Auto
Automatic Register Balancing       : No

---- Target Options
Add IO Buffers                     : YES
Global Maximum Fanout              : 500
Add Generic Clock Buffer(BUFG)     : 24
Register Duplication               : YES
Slice Packing                      : YES
Optimize Instantiated Primitives   : NO
Use Clock Enable                   : Yes
Use Synchronous Set                : Yes
Use Synchronous Reset              : Yes
Pack IO Registers into IOBs        : Auto
Equivalent register Removal        : YES

---- General Options
Optimization Goal                  : Speed
Optimization Effort                : 1
Keep Hierarchy                     : No
Netlist Hierarchy                  : As_Optimized
RTL Output                         : Yes
Global Optimization                : AllClockNets
Read Cores                         : YES
Write Timing Constraints           : NO
Cross Clock Analysis               : NO
Hierarchy Separator                : /
Bus Delimiter                      : <>
Case Specifier                     : Maintain
Slice Utilization Ratio            : 100
BRAM Utilization Ratio             : 100
Verilog 2001                       : YES
Auto BRAM Packing                  : NO
Slice Utilization Ratio Delta      : 5

=========================================================================


=========================================================================
*                          HDL Compilation                              *
=========================================================================
Compiling verilog file "ps2_tx.v" in library work
Compiling verilog file "ps2_rx.v" in library work
Module <ps2_tx> compiled
Compiling verilog file "ps2_rxtx.v" in library work
Module <ps2_rx> compiled
Compiling verilog file "mouse.v" in library work
Module <ps2_rxtx> compiled
Compiling verilog file "grid_click_right.v" in library work
Module <mouse> compiled
Compiling verilog file "grid_click.v" in library work
Module <grid_click_right> compiled
Compiling verilog file "Flags.v" in library work
Module <grid_click> compiled
Compiling verilog file "Ploca.v" in library work
Module <Flags> compiled
Module <Ploca> compiled
No errors in compilation
Analysis of file <"Ploca.prj"> succeeded.
 

=========================================================================
*                     Design Hierarchy Analysis                         *
=========================================================================
Analyzing hierarchy for module <Ploca> in library <work> with parameters.
	CELL_CLOSED = "00"
	CELL_FLAGGED = "10"
	CELL_HEIGHT = "00000000000000000000000000010000"
	CELL_OPENED = "01"
	CELL_WIDTH = "00000000000000000000000000010000"
	COUNT_MINES = "01"
	DIGIT_WIDTH = "00000000000000000000000000001000"
	DONE = "10"
	FLAG_TIMER_X = "00000000000000000000000100001001"
	FLAG_TIMER_Y = "00000000000000000000000010011001"
	FlagNum_SIZE = "00000000000000000000000000010000"
	FlagNum_X = "00000000000000000000000100101011"
	FlagNum_Y = "00000000000000000000000010100000"
	GRID_COLS = "00000000000000000000000000001000"
	GRID_HEIGHT = "00000000000000000000000010000000"
	GRID_ROWS = "00000000000000000000000000001000"
	GRID_WIDTH = "00000000000000000000000010000000"
	GRID_X_OFFSET = "00000000000000000000000100000000"
	GRID_Y_OFFSET = "00000000000000000000000010110000"
	PLACE_MINES = "00"
	SMILEY_CENTER_X = "00000000000000000000000101000010"
	SMILEY_CENTER_Y = "00000000000000000000000010100000"
	SMILEY_SIZE = "00000000000000000000000000010000"
	h_backporch = "00000000000000000000000000110000"
	h_display = "00000000000000000000001010000000"
	h_frontporch = "00000000000000000000000000010000"
	h_syncwidth = "00000000000000000000000001100000"
	h_total = "00000000000000000000001100100000"
	v_backporch = "00000000000000000000000000100001"
	v_display = "00000000000000000000000111100000"
	v_frontporch = "00000000000000000000000000001010"
	v_syncwidth = "00000000000000000000000000000010"
	v_total = "00000000000000000000001000001101"

Analyzing hierarchy for module <mouse> in library <work> with parameters.
	ACK = "11111010"
	STRM = "11110100"
	ack = "011"
	done = "111"
	init1 = "000"
	init2 = "001"
	init3 = "010"
	pack1 = "100"
	pack2 = "101"
	pack3 = "110"

Analyzing hierarchy for module <grid_click> in library <work>.

Analyzing hierarchy for module <grid_click_right> in library <work>.

Analyzing hierarchy for module <Flags> in library <work>.

Analyzing hierarchy for module <ps2_rxtx> in library <work>.

Analyzing hierarchy for module <ps2_rx> in library <work> with parameters.
	dps = "01"
	idle = "00"
	load = "10"

Analyzing hierarchy for module <ps2_tx> in library <work> with parameters.
	data = "011"
	idle = "000"
	rts = "001"
	start = "010"
	stop = "100"


=========================================================================
*                            HDL Analysis                               *
=========================================================================
Analyzing top module <Ploca>.
	CELL_CLOSED = 2'b00
	CELL_FLAGGED = 2'b10
	CELL_HEIGHT = 32'sb00000000000000000000000000010000
	CELL_OPENED = 2'b01
	CELL_WIDTH = 32'sb00000000000000000000000000010000
	COUNT_MINES = 2'b01
	DIGIT_WIDTH = 32'sb00000000000000000000000000001000
	DONE = 2'b10
	FLAG_TIMER_X = 32'sb00000000000000000000000100001001
	FLAG_TIMER_Y = 32'sb00000000000000000000000010011001
	FlagNum_SIZE = 32'sb00000000000000000000000000010000
	FlagNum_X = 32'sb00000000000000000000000100101011
	FlagNum_Y = 32'sb00000000000000000000000010100000
	GRID_COLS = 32'sb00000000000000000000000000001000
	GRID_HEIGHT = 32'sb00000000000000000000000010000000
	GRID_ROWS = 32'sb00000000000000000000000000001000
	GRID_WIDTH = 32'sb00000000000000000000000010000000
	GRID_X_OFFSET = 32'sb00000000000000000000000100000000
	GRID_Y_OFFSET = 32'sb00000000000000000000000010110000
	PLACE_MINES = 2'b00
	SMILEY_CENTER_X = 32'sb00000000000000000000000101000010
	SMILEY_CENTER_Y = 32'sb00000000000000000000000010100000
	SMILEY_SIZE = 32'sb00000000000000000000000000010000
	h_backporch = 32'sb00000000000000000000000000110000
	h_display = 32'sb00000000000000000000001010000000
	h_frontporch = 32'sb00000000000000000000000000010000
	h_syncwidth = 32'sb00000000000000000000000001100000
	h_total = 32'sb00000000000000000000001100100000
	v_backporch = 32'sb00000000000000000000000000100001
	v_display = 32'sb00000000000000000000000111100000
	v_frontporch = 32'sb00000000000000000000000000001010
	v_syncwidth = 32'sb00000000000000000000000000000010
	v_total = 32'sb00000000000000000000001000001101
INFO:Xst:1433 - Contents of array <polje> may be accessed with an index that exceeds the array size. This could cause simulation mismatch.
INFO:Xst:1433 - Contents of array <polje> may be accessed with an index that exceeds the array size. This could cause simulation mismatch.
INFO:Xst:1433 - Contents of array <polje> may be accessed with an index that exceeds the array size. This could cause simulation mismatch.
INFO:Xst:1433 - Contents of array <polje> may be accessed with an index that exceeds the array size. This could cause simulation mismatch.
INFO:Xst:1432 - Contents of array <$COND_52> may be accessed with a negative index, causing simulation mismatch.
INFO:Xst:1432 - Contents of array <$COND_54> may be accessed with a negative index, causing simulation mismatch.
INFO:Xst:1432 - Contents of array <$COND_56> may be accessed with a negative index, causing simulation mismatch.
INFO:Xst:1433 - Contents of array <cell_state> may be accessed with an index that exceeds the array size. This could cause simulation mismatch.
INFO:Xst:1433 - Contents of array <polje> may be accessed with an index that exceeds the array size. This could cause simulation mismatch.
INFO:Xst:1433 - Contents of array <cell_state> may be accessed with an index that exceeds the array size. This could cause simulation mismatch.
INFO:Xst:1433 - Contents of array <polje> may be accessed with an index that exceeds the array size. This could cause simulation mismatch.
INFO:Xst:1433 - Contents of array <cell_state> may be accessed with an index that exceeds the array size. This could cause simulation mismatch.
INFO:Xst:1433 - Contents of array <polje> may be accessed with an index that exceeds the array size. This could cause simulation mismatch.
INFO:Xst:1433 - Contents of array <cell_state> may be accessed with an index that exceeds the array size. This could cause simulation mismatch.
INFO:Xst:1433 - Contents of array <polje> may be accessed with an index that exceeds the array size. This could cause simulation mismatch.
INFO:Xst:1433 - Contents of array <cell_state> may be accessed with an index that exceeds the array size. This could cause simulation mismatch.
INFO:Xst:1433 - Contents of array <polje> may be accessed with an index that exceeds the array size. This could cause simulation mismatch.
INFO:Xst:1433 - Contents of array <cell_state> may be accessed with an index that exceeds the array size. This could cause simulation mismatch.
INFO:Xst:1433 - Contents of array <polje> may be accessed with an index that exceeds the array size. This could cause simulation mismatch.
INFO:Xst:1433 - Contents of array <cell_state> may be accessed with an index that exceeds the array size. This could cause simulation mismatch.
INFO:Xst:1433 - Contents of array <polje> may be accessed with an index that exceeds the array size. This could cause simulation mismatch.
INFO:Xst:1433 - Contents of array <cell_state> may be accessed with an index that exceeds the array size. This could cause simulation mismatch.
INFO:Xst:1433 - Contents of array <polje> may be accessed with an index that exceeds the array size. This could cause simulation mismatch.
INFO:Xst:1433 - Contents of array <cell_state> may be accessed with an index that exceeds the array size. This could cause simulation mismatch.
INFO:Xst:1433 - Contents of array <polje> may be accessed with an index that exceeds the array size. This could cause simulation mismatch.
INFO:Xst:1433 - Contents of array <cell_state> may be accessed with an index that exceeds the array size. This could cause simulation mismatch.
INFO:Xst:1433 - Contents of array <polje> may be accessed with an index that exceeds the array size. This could cause simulation mismatch.
INFO:Xst:1433 - Contents of array <cell_state> may be accessed with an index that exceeds the array size. This could cause simulation mismatch.
INFO:Xst:1433 - Contents of array <grid_state2> may be accessed with an index that exceeds the array size. This could cause simulation mismatch.
INFO:Xst:1433 - Contents of array <cell_state> may be accessed with an index that exceeds the array size. This could cause simulation mismatch.
INFO:Xst:1433 - Contents of array <cell_state> may be accessed with an index that exceeds the array size. This could cause simulation mismatch.
Module <Ploca> is correct for synthesis.
 
Analyzing module <mouse> in library <work>.
	ACK = 8'b11111010
	STRM = 8'b11110100
	ack = 3'b011
	done = 3'b111
	init1 = 3'b000
	init2 = 3'b001
	init3 = 3'b010
	pack1 = 3'b100
	pack2 = 3'b101
	pack3 = 3'b110
Module <mouse> is correct for synthesis.
 
Analyzing module <ps2_rxtx> in library <work>.
Module <ps2_rxtx> is correct for synthesis.
 
Analyzing module <ps2_rx> in library <work>.
	dps = 2'b01
	idle = 2'b00
	load = 2'b10
Module <ps2_rx> is correct for synthesis.
 
Analyzing module <ps2_tx> in library <work>.
	data = 3'b011
	idle = 3'b000
	rts = 3'b001
	start = 3'b010
	stop = 3'b100
Module <ps2_tx> is correct for synthesis.
 
Analyzing module <grid_click> in library <work>.
Module <grid_click> is correct for synthesis.
 
Analyzing module <grid_click_right> in library <work>.
Module <grid_click_right> is correct for synthesis.
 
Analyzing module <Flags> in library <work>.
WARNING:Xst:790 - "Flags.v" line 49: Index value(s) does not match array range, simulation mismatch.
Module <Flags> is correct for synthesis.
 

=========================================================================
*                           HDL Synthesis                               *
=========================================================================

Performing bidirectional port resolution...
INFO:Xst:2679 - Register <h> in unit <Ploca> has a constant value of 1000000 during circuit operation. The register is replaced by logic.
INFO:Xst:2679 - Register <o> in unit <Ploca> has a constant value of 1000000 during circuit operation. The register is replaced by logic.
INFO:Xst:2679 - Register <i> in unit <Ploca> has a constant value of 1000000 during circuit operation. The register is replaced by logic.

Synthesizing Unit <grid_click>.
    Related source file is "grid_click.v".
    Found 64-bit register for signal <grid_state>.
    Found 1-bit register for signal <first_click_done>.
    Found 7-bit register for signal <first_click_index>.
    Found 7-bit adder for signal <cell_index>.
    Found 1-bit register for signal <mouse_click_prev>.
    Found 4-bit comparator less for signal <valid_click$cmp_lt0000> created at line 22.
    Found 4-bit comparator less for signal <valid_click$cmp_lt0001> created at line 22.
    Summary:
	inferred  73 D-type flip-flop(s).
	inferred   1 Adder/Subtractor(s).
	inferred   2 Comparator(s).
Unit <grid_click> synthesized.


Synthesizing Unit <grid_click_right>.
    Related source file is "grid_click_right.v".
WARNING:Xst:646 - Signal <cell_index<6>> is assigned but never used. This unconnected signal will be trimmed during the optimization process.
    Found 64-bit register for signal <grid_state>.
    Found 7-bit adder for signal <cell_index>.
    Found 1-bit register for signal <mouse_click_prev>.
    Found 4-bit comparator less for signal <valid_click$cmp_lt0000> created at line 38.
    Found 4-bit comparator less for signal <valid_click$cmp_lt0001> created at line 38.
    Summary:
	inferred  65 D-type flip-flop(s).
	inferred   1 Adder/Subtractor(s).
	inferred   2 Comparator(s).
Unit <grid_click_right> synthesized.


Synthesizing Unit <Flags>.
    Related source file is "Flags.v".
WARNING:Xst:1781 - Signal <font_rom> is used but never assigned. Tied to default value.
    Found 11x128-bit ROM for signal <$COND_83>.
    Found 10-bit comparator less for signal <valid_position$cmp_lt0000> created at line 46.
    Found 10-bit comparator less for signal <valid_position$cmp_lt0001> created at line 46.
    Summary:
	inferred   1 ROM(s).
	inferred   2 Comparator(s).
	inferred   1 Multiplexer(s).
Unit <Flags> synthesized.


Synthesizing Unit <ps2_rx>.
    Related source file is "ps2_rx.v".
    Found finite state machine <FSM_0> for signal <state_reg>.
    -----------------------------------------------------------------------
    | States             | 3                                              |
    | Transitions        | 7                                              |
    | Inputs             | 3                                              |
    | Outputs            | 3                                              |
    | Clock              | clk                       (rising_edge)        |
    | Reset              | reset                     (positive)           |
    | Reset type         | asynchronous                                   |
    | Reset State        | 00                                             |
    | Encoding           | automatic                                      |
    | Implementation     | LUT                                            |
    -----------------------------------------------------------------------
    Found 11-bit register for signal <b_reg>.
    Found 1-bit register for signal <f_ps2c_reg>.
    Found 8-bit register for signal <filter_reg>.
    Found 4-bit subtractor for signal <n_next$addsub0000> created at line 125.
    Found 4-bit register for signal <n_reg>.
    Summary:
	inferred   1 Finite State Machine(s).
	inferred  24 D-type flip-flop(s).
	inferred   1 Adder/Subtractor(s).
Unit <ps2_rx> synthesized.


Synthesizing Unit <ps2_tx>.
    Related source file is "ps2_tx.v".
    Found finite state machine <FSM_1> for signal <state_reg>.
    -----------------------------------------------------------------------
    | States             | 5                                              |
    | Transitions        | 11                                             |
    | Inputs             | 4                                              |
    | Outputs            | 7                                              |
    | Clock              | clk                       (rising_edge)        |
    | Reset              | reset                     (positive)           |
    | Reset type         | asynchronous                                   |
    | Reset State        | 000                                            |
    | Encoding           | automatic                                      |
    | Implementation     | LUT                                            |
    -----------------------------------------------------------------------
    Found 1-bit tristate buffer for signal <ps2c>.
    Found 1-bit tristate buffer for signal <ps2d>.
    Found 9-bit register for signal <b_reg>.
    Found 13-bit subtractor for signal <c_next$addsub0000> created at line 111.
    Found 13-bit register for signal <c_reg>.
    Found 1-bit register for signal <f_ps2c_reg>.
    Found 8-bit register for signal <filter_reg>.
    Found 4-bit subtractor for signal <n_next$addsub0000> created at line 133.
    Found 4-bit register for signal <n_reg>.
    Summary:
	inferred   1 Finite State Machine(s).
	inferred  35 D-type flip-flop(s).
	inferred   2 Adder/Subtractor(s).
	inferred   2 Tristate(s).
Unit <ps2_tx> synthesized.


Synthesizing Unit <ps2_rxtx>.
    Related source file is "ps2_rxtx.v".
Unit <ps2_rxtx> synthesized.


Synthesizing Unit <mouse>.
    Related source file is "mouse.v".
INFO:Xst:2117 - HDL ADVISOR - Mux Selector <state_reg> of Case statement line 79 was re-encoded using one-hot encoding. The case statement will be optimized (default statement optimization), but this optimization may lead to design initialization problems. To ensure the design works safely, you can:
   	- add an 'INIT' attribute on signal <state_reg> (optimization is then done without any risk)
   	- use the attribute 'signal_encoding user' to avoid onehot optimization
   	- use the attribute 'safe_implementation yes' to force XST to perform a safe (but less efficient) optimization
    Found finite state machine <FSM_2> for signal <state_reg>.
    -----------------------------------------------------------------------
    | States             | 8                                              |
    | Transitions        | 14                                             |
    | Inputs             | 3                                              |
    | Outputs            | 5                                              |
    | Clock              | clk                       (rising_edge)        |
    | Reset              | reset                     (positive)           |
    | Reset type         | asynchronous                                   |
    | Reset State        | 000                                            |
    | Encoding           | automatic                                      |
    | Implementation     | LUT                                            |
    -----------------------------------------------------------------------
    Found 3-bit register for signal <btn_reg>.
    Found 9-bit register for signal <x_reg>.
    Found 9-bit register for signal <y_reg>.
    Summary:
	inferred   1 Finite State Machine(s).
	inferred  21 D-type flip-flop(s).
Unit <mouse> synthesized.


Synthesizing Unit <Ploca>.
    Related source file is "Ploca.v".
WARNING:Xst:1780 - Signal <units> is never used or assigned. This unconnected signal will be trimmed during the optimization process.
WARNING:Xst:646 - Signal <timer_pixel> is assigned but never used. This unconnected signal will be trimmed during the optimization process.
WARNING:Xst:1781 - Signal <three> is used but never assigned. Tied to default value.
WARNING:Xst:1780 - Signal <tens> is never used or assigned. This unconnected signal will be trimmed during the optimization process.
WARNING:Xst:1780 - Signal <susjedniBr> is never used or assigned. This unconnected signal will be trimmed during the optimization process.
WARNING:Xst:1781 - Signal <smiley_rom2> is used but never assigned. Tied to default value.
WARNING:Xst:1781 - Signal <smiley_rom> is used but never assigned. Tied to default value.
WARNING:Xst:1781 - Signal <six> is used but never assigned. Tied to default value.
WARNING:Xst:1781 - Signal <seven> is used but never assigned. Tied to default value.
WARNING:Xst:1780 - Signal <nula_num> is never used or assigned. This unconnected signal will be trimmed during the optimization process.
WARNING:Xst:1781 - Signal <nula> is used but never assigned. Tied to default value.
WARNING:Xst:1780 - Signal <nine> is never used or assigned. This unconnected signal will be trimmed during the optimization process.
WARNING:Xst:1781 - Signal <mine_rom> is used but never assigned. Tied to default value.
WARNING:Xst:646 - Signal <mine_count> is assigned but never used. This unconnected signal will be trimmed during the optimization process.
WARNING:Xst:1780 - Signal <line> is never used or assigned. This unconnected signal will be trimmed during the optimization process.
WARNING:Xst:1872 - Variable <k> is used but never assigned.
WARNING:Xst:1781 - Signal <jedan> is used but never assigned. Tied to default value.
WARNING:Xst:1780 - Signal <init_counter> is never used or assigned. This unconnected signal will be trimmed during the optimization process.
WARNING:Xst:646 - Signal <grid_state> is assigned but never used. This unconnected signal will be trimmed during the optimization process.
WARNING:Xst:646 - Signal <grid_done> is assigned but never used. This unconnected signal will be trimmed during the optimization process.
WARNING:Xst:1781 - Signal <four> is used but never assigned. Tied to default value.
WARNING:Xst:1780 - Signal <found_one> is never used or assigned. This unconnected signal will be trimmed during the optimization process.
WARNING:Xst:1781 - Signal <flag_16x16> is used but never assigned. Tied to default value.
WARNING:Xst:1781 - Signal <flag> is used but never assigned. Tied to default value.
WARNING:Xst:1781 - Signal <five> is used but never assigned. Tied to default value.
WARNING:Xst:1781 - Signal <eight> is used but never assigned. Tied to default value.
WARNING:Xst:1781 - Signal <dva> is used but never assigned. Tied to default value.
WARNING:Xst:646 - Signal <current_index<6>> is assigned but never used. This unconnected signal will be trimmed during the optimization process.
WARNING:Xst:646 - Signal <current_idx<6>> is assigned but never used. This unconnected signal will be trimmed during the optimization process.
WARNING:Xst:646 - Signal <current_cell_state> is assigned but never used. This unconnected signal will be trimmed during the optimization process.
WARNING:Xst:1780 - Signal <clicked_cell> is never used or assigned. This unconnected signal will be trimmed during the optimization process.
WARNING:Xst:1780 - Signal <check> is never used or assigned. This unconnected signal will be trimmed during the optimization process.
WARNING:Xst:1781 - Signal <arrow_rom> is used but never assigned. Tied to default value.
    Found finite state machine <FSM_3> for signal <state>.
    -----------------------------------------------------------------------
    | States             | 3                                              |
    | Transitions        | 6                                              |
    | Inputs             | 3                                              |
    | Outputs            | 3                                              |
    | Clock              | CLK                       (rising_edge)        |
    | Reset              | state$or0000              (positive)           |
    | Reset type         | synchronous                                    |
    | Reset State        | 00                                             |
    | Encoding           | automatic                                      |
    | Implementation     | LUT                                            |
    -----------------------------------------------------------------------
    Found 8x80-bit ROM for signal <cell_sprite_y$rom0000>.
    Found 16x32-bit ROM for signal <smiley_rel_y$rom0000>.
    Found 16x16-bit ROM for signal <$COND_52>.
    Found 8x8-bit ROM for signal <$COND_50>.
    Found 12-bit adder for signal <$add0000> created at line 83.
    Found 12-bit subtractor for signal <$sub0000> created at line 87.
    Found 12-bit subtractor for signal <$sub0001> created at line 385.
    Found 12-bit subtractor for signal <$sub0002> created at line 386.
    Found 11-bit subtractor for signal <$sub0003> created at line 139.
    Found 11-bit subtractor for signal <$sub0004> created at line 139.
    Found 4-bit subtractor for signal <$sub0005> created at line 793.
    Found 4-bit subtractor for signal <$sub0006> created at line 794.
    Found 4-bit 64-to-1 multiplexer for signal <$varindex0000> created at line 312.
    Found 4-bit 64-to-1 multiplexer for signal <$varindex0001> created at line 298.
    Found 4-bit 64-to-1 multiplexer for signal <$varindex0002> created at line 813.
    Found 2-bit 64-to-1 multiplexer for signal <$varindex0003> created at line 813.
    Found 1-bit 64-to-1 multiplexer for signal <$varindex0004> created at line 873.
    Found 4-bit comparator greatequal for signal <cell_sprite_area$cmp_ge0000> created at line 804.
    Found 4-bit comparator greatequal for signal <cell_sprite_area$cmp_ge0001> created at line 804.
    Found 4-bit comparator less for signal <cell_sprite_area$cmp_lt0000> created at line 804.
    Found 4-bit comparator less for signal <cell_sprite_area$cmp_lt0001> created at line 804.
    Found 3-bit subtractor for signal <cell_sprite_x$addsub0000> created at line 800.
    Found 3-bit subtractor for signal <cell_sprite_y$addsub0000> created at line 801.
    Found 128-bit register for signal <cell_state>.
    Found 4-bit comparator less for signal <cell_unopened$cmp_lt0000> created at line 879.
    Found 4-bit comparator less for signal <cell_unopened$cmp_lt0001> created at line 879.
    Found 1-bit register for signal <clk25>.
    Found 4-bit register for signal <col>.
    Found 4-bit adder for signal <col$addsub0000> created at line 492.
    Found 11-bit subtractor for signal <current_col$sub0000> created at line 385.
    Found 7-bit adder for signal <current_idx>.
    Found 7-bit adder for signal <current_index>.
    Found 11-bit subtractor for signal <current_row$sub0000> created at line 386.
    Found 10-bit comparator greatequal for signal <cursor_in_grid$cmp_ge0000> created at line 153.
    Found 10-bit comparator greatequal for signal <cursor_in_grid$cmp_ge0001> created at line 153.
    Found 10-bit comparator less for signal <cursor_in_grid$cmp_lt0000> created at line 153.
    Found 10-bit comparator less for signal <cursor_in_grid$cmp_lt0001> created at line 153.
    Found 10-bit register for signal <cursor_x>.
    Found 10-bit adder for signal <cursor_x$addsub0000> created at line 85.
    Found 13-bit comparator greater for signal <cursor_x$cmp_gt0000> created at line 83.
    Found 13-bit comparator less for signal <cursor_x$cmp_lt0000> created at line 84.
    Found 10-bit register for signal <cursor_y>.
    Found 10-bit subtractor for signal <cursor_y$addsub0000> created at line 89.
    Found 13-bit comparator greater for signal <cursor_y$cmp_gt0000> created at line 87.
    Found 13-bit comparator less for signal <cursor_y$cmp_lt0000> created at line 88.
    Found 7-bit register for signal <d>.
    Found 7-bit adder for signal <d$addsub0000> created at line 367.
    Found 7-bit comparator less for signal <d$cmp_lt0000> created at line 310.
    Found 5-bit updown counter for signal <flag_count>.
    Found 10-bit comparator greatequal for signal <FlagNum_area$cmp_ge0000> created at line 753.
    Found 10-bit comparator less for signal <FlagNum_area$cmp_lt0000> created at line 753.
    Found 1-bit 16-to-1 multiplexer for signal <FlagNum_pixel>.
    Found 4-bit subtractor for signal <FlagNum_rel_x>.
    Found 4-bit subtractor for signal <FlagNum_rel_y>.
    Found 1-bit register for signal <game_over>.
    Found 1-bit register for signal <game_win>.
    Found 7-bit comparator greatequal for signal <game_win$cmp_ge0000> created at line 310.
    Found 1-bit register for signal <grid>.
    Found 10-bit comparator lessequal for signal <grid$cmp_le0000> created at line 139.
    Found 11-bit comparator less for signal <grid$cmp_lt0000> created at line 139.
    Found 11-bit comparator less for signal <grid$cmp_lt0001> created at line 139.
    Found 11-bit subtractor for signal <grid_col$sub0000> created at line 157.
    Found 4-bit register for signal <grid_col_sync>.
    Found 11-bit subtractor for signal <grid_row$sub0000> created at line 158.
    Found 4-bit register for signal <grid_row_sync>.
    Found 10-bit register for signal <h_counter>.
    Found 10-bit adder for signal <h_counter$addsub0000> created at line 127.
    Found 1-bit register for signal <hsync>.
    Found 10-bit comparator greatequal for signal <hsync$cmp_ge0000> created at line 132.
    Found 10-bit comparator less for signal <hsync$cmp_lt0000> created at line 132.
    Found 10-bit comparator greatequal for signal <in_grid_area$cmp_ge0000> created at line 175.
    Found 10-bit comparator lessequal for signal <in_grid_area$cmp_le0000> created at line 175.
    Found 10-bit comparator lessequal for signal <in_grid_area$cmp_le0001> created at line 175.
    Found 5-bit comparator greater for signal <is_negative>.
    Found 7-bit adder for signal <led_state$sub0000> created at line 953.
    Found 7-bit register for signal <lfsr>.
    Found 1-bit xor2 for signal <lfsr$xor0000> created at line 431.
    Found 7-bit xor2 for signal <lfsr$xor0001> created at line 431.
    Found 4-bit up counter for signal <mine_counter>.
    Found 64-bit register for signal <mines>.
    Found 7-bit comparator equal for signal <mines_63$cmp_eq0000> created at line 432.
    Found 7-bit comparator greatequal for signal <mines_63$cmp_ge0000> created at line 432.
    Found 4-bit comparator greatequal for signal <mines_63$cmp_ge0001> created at line 429.
    Found 4-bit adder for signal <old_mine_count_33$addsub0000> created at line 458.
    Found 4-bit adder for signal <old_mine_count_36$addsub0000> created at line 461.
    Found 4-bit adder for signal <old_mine_count_39$addsub0000> created at line 464.
    Found 4-bit adder for signal <old_mine_count_42$addsub0000> created at line 467.
    Found 4-bit adder for signal <old_mine_count_45$addsub0000> created at line 470.
    Found 4-bit adder for signal <old_mine_count_48$addsub0000> created at line 473.
    Found 4-bit adder for signal <old_mine_count_49$addsub0000> created at line 476.
    Found 7-bit up counter for signal <opened_count>.
    Found 7-bit adder for signal <opened_count$add0000> created at line 291.
    Found 64-bit register for signal <opened_history>.
    Found 256-bit register for signal <polje>.
    Found 4-bit comparator less for signal <polje_0$cmp_lt0000> created at line 429.
    Found 7-bit comparator less for signal <polje_0$cmp_lt0001> created at line 432.
    Found 7-bit comparator not equal for signal <polje_0$cmp_ne0000> created at line 432.
    Found 7-bit register for signal <polje_index>.
    Found 7-bit adder for signal <polje_index$addsub0000> created at line 494.
    Found 1-bit register for signal <processing_zero>.
    Found 10-bit comparator greatequal for signal <rect_area$cmp_ge0000> created at line 956.
    Found 10-bit comparator greatequal for signal <rect_area$cmp_ge0001> created at line 956.
    Found 10-bit comparator less for signal <rect_area$cmp_lt0000> created at line 956.
    Found 10-bit comparator less for signal <rect_area$cmp_lt0001> created at line 956.
    Found 10-bit comparator greatequal for signal <rect_area_outline$cmp_ge0000> created at line 958.
    Found 10-bit comparator greatequal for signal <rect_area_outline$cmp_ge0001> created at line 958.
    Found 10-bit comparator less for signal <rect_area_outline$cmp_lt0000> created at line 958.
    Found 10-bit comparator less for signal <rect_area_outline$cmp_lt0001> created at line 958.
    Found 4-bit register for signal <row>.
    Found 4-bit adder for signal <row$addsub0000> created at line 489.
    Found 7-bit up counter for signal <seed_counter>.
    Found 1-bit 16-to-1 multiplexer for signal <smiley2_pixel>.
    Found 10-bit comparator greatequal for signal <smiley_area$cmp_ge0000> created at line 772.
    Found 10-bit comparator greatequal for signal <smiley_area$cmp_ge0001> created at line 772.
    Found 10-bit comparator less for signal <smiley_area$cmp_lt0000> created at line 772.
    Found 10-bit comparator less for signal <smiley_area$cmp_lt0001> created at line 772.
    Found 1-bit 16-to-1 multiplexer for signal <smiley_pixel>.
    Found 4-bit subtractor for signal <smiley_rel_x>.
    Found 10-bit comparator less for signal <sprite_area$cmp_lt0000> created at line 110.
    Found 10-bit comparator less for signal <sprite_area$cmp_lt0001> created at line 110.
    Found 10-bit subtractor for signal <sprite_x>.
    Found 10-bit subtractor for signal <sprite_y>.
    Found 10-bit comparator greatequal for signal <tens_area$cmp_ge0000> created at line 936.
    Found 10-bit comparator less for signal <tens_area$cmp_lt0000> created at line 936.
    Found 5-bit adder for signal <timer_value>.
    Found 10-bit comparator greatequal for signal <units_area$cmp_ge0000> created at line 942.
    Found 10-bit comparator greatequal for signal <units_area$cmp_ge0001> created at line 942.
    Found 10-bit comparator less for signal <units_area$cmp_lt0000> created at line 942.
    Found 10-bit comparator less for signal <units_area$cmp_lt0001> created at line 942.
    Found 10-bit register for signal <v_counter>.
    Found 10-bit adder for signal <v_counter$addsub0000> created at line 129.
    Found 1-bit register for signal <vsync>.
    Found 10-bit comparator greatequal for signal <vsync$cmp_ge0000> created at line 134.
    Found 10-bit comparator less for signal <vsync$cmp_lt0000> created at line 134.
    Found 128-bit register for signal <zero_opening>.
    Found 7-bit comparator greatequal for signal <zero_opening_0$cmp_ge0000> created at line 327.
    Found 7-bit comparator greater for signal <zero_opening_0$cmp_gt0000> created at line 332.
    Found 7-bit comparator lessequal for signal <zero_opening_0$cmp_le0000> created at line 322.
    Found 7-bit comparator less for signal <zero_opening_0$cmp_lt0000> created at line 327.
    Found 7-bit comparator greatequal for signal <zero_opening_7$cmp_ge0000> created at line 345.
    Found 7-bit comparator less for signal <zero_opening_7$cmp_lt0000> created at line 345.
    Found 7-bit comparator greatequal for signal <zero_opening_9$cmp_ge0000> created at line 351.
    Found 7-bit comparator less for signal <zero_opening_9$cmp_lt0000> created at line 351.
INFO:Xst:738 - HDL ADVISOR - 256 flip-flops were inferred for signal <polje>. You may be trying to describe a RAM in a way that is incompatible with block and distributed RAM resources available on Xilinx devices, or with a specific template that is not supported. Please review the Xilinx resources documentation and the XST user manual for coding guidelines. Taking advantage of RAM resources will lead to improved device usage and reduced synthesis time.
    Summary:
	inferred   1 Finite State Machine(s).
	inferred   4 ROM(s).
	inferred   4 Counter(s).
	inferred 704 D-type flip-flop(s).
	inferred  44 Adder/Subtractor(s).
	inferred  63 Comparator(s).
	inferred  57 Multiplexer(s).
Unit <Ploca> synthesized.


=========================================================================
HDL Synthesis Report

Macro Statistics
# ROMs                                                 : 6
 11x128-bit ROM                                        : 2
 16x16-bit ROM                                         : 1
 16x32-bit ROM                                         : 1
 8x8-bit ROM                                           : 1
 8x80-bit ROM                                          : 1
# Adders/Subtractors                                   : 49
 10-bit adder                                          : 3
 10-bit subtractor                                     : 6
 11-bit subtractor                                     : 6
 12-bit adder                                          : 1
 12-bit subtractor                                     : 3
 13-bit subtractor                                     : 1
 3-bit subtractor                                      : 2
 4-bit adder                                           : 9
 4-bit subtractor                                      : 7
 5-bit adder                                           : 3
 7-bit adder                                           : 8
# Counters                                             : 4
 4-bit up counter                                      : 1
 5-bit updown counter                                  : 1
 7-bit up counter                                      : 2
# Registers                                            : 482
 1-bit register                                        : 268
 10-bit register                                       : 4
 11-bit register                                       : 1
 13-bit register                                       : 1
 2-bit register                                        : 128
 3-bit register                                        : 1
 4-bit register                                        : 70
 7-bit register                                        : 4
 8-bit register                                        : 2
 9-bit register                                        : 3
# Comparators                                          : 71
 10-bit comparator greatequal                          : 15
 10-bit comparator less                                : 20
 10-bit comparator lessequal                           : 3
 11-bit comparator less                                : 2
 13-bit comparator greater                             : 2
 13-bit comparator less                                : 2
 4-bit comparator greatequal                           : 3
 4-bit comparator less                                 : 9
 5-bit comparator greater                              : 1
 7-bit comparator equal                                : 1
 7-bit comparator greatequal                           : 5
 7-bit comparator greater                              : 1
 7-bit comparator less                                 : 5
 7-bit comparator lessequal                            : 1
 7-bit comparator not equal                            : 1
# Multiplexers                                         : 32
 1-bit 16-to-1 multiplexer                             : 3
 1-bit 64-to-1 multiplexer                             : 4
 1-bit 8-to-1 multiplexer                              : 14
 2-bit 64-to-1 multiplexer                             : 3
 4-bit 55-to-1 multiplexer                             : 1
 4-bit 56-to-1 multiplexer                             : 1
 4-bit 57-to-1 multiplexer                             : 1
 4-bit 63-to-1 multiplexer                             : 1
 4-bit 64-to-1 multiplexer                             : 4
# Tristates                                            : 2
 1-bit tristate buffer                                 : 2
# Xors                                                 : 2
 1-bit xor2                                            : 1
 7-bit xor2                                            : 1

=========================================================================

=========================================================================
*                       Advanced HDL Synthesis                          *
=========================================================================

Analyzing FSM <FSM_3> for best encoding.
Optimizing FSM <state/FSM> on signal <state[1:2]> with gray encoding.
-------------------
 State | Encoding
-------------------
 00    | 00
 01    | 01
 10    | 11
-------------------
Analyzing FSM <FSM_2> for best encoding.
Optimizing FSM <mouse_unit/state_reg/FSM> on signal <state_reg[1:3]> with gray encoding.
-------------------
 State | Encoding
-------------------
 000   | 000
 001   | 001
 010   | 011
 011   | 010
 100   | 110
 101   | 111
 110   | 101
 111   | 100
-------------------
Analyzing FSM <FSM_1> for best encoding.
Optimizing FSM <mouse_unit/ps2_unit/ps2_tx_unit/state_reg/FSM> on signal <state_reg[1:3]> with gray encoding.
-------------------
 State | Encoding
-------------------
 000   | 000
 001   | 001
 010   | 011
 011   | 010
 100   | 110
-------------------
Analyzing FSM <FSM_0> for best encoding.
Optimizing FSM <mouse_unit/ps2_unit/ps2_rx_unit/state_reg/FSM> on signal <state_reg[1:2]> with gray encoding.
-------------------
 State | Encoding
-------------------
 00    | 00
 01    | 01
 10    | 11
-------------------
WARNING:Xst:1710 - FF/Latch <b_reg_8> (without init value) has a constant value of 0 in block <ps2_tx_unit>. This FF/Latch will be trimmed during the optimization process.
WARNING:Xst:2677 - Node <b_reg_0> of sequential type is unconnected in block <ps2_rx_unit>.
WARNING:Xst:2677 - Node <x_reg_0> of sequential type is unconnected in block <mouse_unit>.
WARNING:Xst:2677 - Node <y_reg_0> of sequential type is unconnected in block <mouse_unit>.
WARNING:Xst:2677 - Node <b_reg_0> of sequential type is unconnected in block <ps2_rx>.
WARNING:Xst:2677 - Node <grid_row_sync_3> of sequential type is unconnected in block <Ploca>.

=========================================================================
Advanced HDL Synthesis Report

Macro Statistics
# FSMs                                                 : 4
# ROMs                                                 : 6
 11x128-bit ROM                                        : 2
 16x16-bit ROM                                         : 1
 16x32-bit ROM                                         : 1
 8x8-bit ROM                                           : 1
 8x80-bit ROM                                          : 1
# Adders/Subtractors                                   : 48
 10-bit adder                                          : 3
 10-bit subtractor                                     : 6
 12-bit adder                                          : 1
 12-bit subtractor                                     : 1
 13-bit subtractor                                     : 1
 3-bit subtractor                                      : 2
 4-bit adder                                           : 11
 4-bit subtractor                                      : 9
 5-bit adder                                           : 1
 6-bit adder                                           : 3
 7-bit adder                                           : 5
 8-bit subtractor                                      : 4
 8-bit subtractor borrow in                            : 1
# Counters                                             : 4
 4-bit up counter                                      : 1
 5-bit updown counter                                  : 1
 7-bit up counter                                      : 2
# Registers                                            : 940
 Flip-Flops                                            : 940
# Comparators                                          : 71
 10-bit comparator greatequal                          : 15
 10-bit comparator less                                : 20
 10-bit comparator lessequal                           : 3
 11-bit comparator less                                : 2
 13-bit comparator greater                             : 2
 13-bit comparator less                                : 2
 4-bit comparator greatequal                           : 3
 4-bit comparator less                                 : 9
 5-bit comparator greater                              : 1
 7-bit comparator equal                                : 1
 7-bit comparator greatequal                           : 5
 7-bit comparator greater                              : 1
 7-bit comparator less                                 : 5
 7-bit comparator lessequal                            : 1
 7-bit comparator not equal                            : 1
# Multiplexers                                         : 32
 1-bit 16-to-1 multiplexer                             : 3
 1-bit 64-to-1 multiplexer                             : 4
 1-bit 8-to-1 multiplexer                              : 14
 2-bit 64-to-1 multiplexer                             : 3
 4-bit 55-to-1 multiplexer                             : 1
 4-bit 56-to-1 multiplexer                             : 1
 4-bit 57-to-1 multiplexer                             : 1
 4-bit 63-to-1 multiplexer                             : 1
 4-bit 64-to-1 multiplexer                             : 4
# Xors                                                 : 2
 1-bit xor2                                            : 1
 7-bit xor2                                            : 1

=========================================================================

=========================================================================
*                         Low Level Synthesis                           *
=========================================================================
WARNING:Xst:1710 - FF/Latch <b_reg_8> (without init value) has a constant value of 0 in block <ps2_tx>. This FF/Latch will be trimmed during the optimization process.
WARNING:Xst:2677 - Node <mouse_unit/y_reg_0> of sequential type is unconnected in block <Ploca>.
WARNING:Xst:2677 - Node <mouse_unit/x_reg_0> of sequential type is unconnected in block <Ploca>.

Optimizing unit <Ploca> ...
WARNING:Xst:1710 - FF/Latch <col_3> (without init value) has a constant value of 0 in block <Ploca>. This FF/Latch will be trimmed during the optimization process.

Optimizing unit <grid_click> ...

Optimizing unit <grid_click_right> ...

Optimizing unit <Flags> ...

Optimizing unit <ps2_rx> ...
WARNING:Xst:2677 - Node <click_unit/grid_state_0> of sequential type is unconnected in block <Ploca>.
WARNING:Xst:2677 - Node <click_unit/grid_state_1> of sequential type is unconnected in block <Ploca>.
WARNING:Xst:2677 - Node <click_unit/grid_state_2> of sequential type is unconnected in block <Ploca>.
WARNING:Xst:2677 - Node <click_unit/grid_state_3> of sequential type is unconnected in block <Ploca>.
WARNING:Xst:2677 - Node <click_unit/grid_state_4> of sequential type is unconnected in block <Ploca>.
WARNING:Xst:2677 - Node <click_unit/grid_state_5> of sequential type is unconnected in block <Ploca>.
WARNING:Xst:2677 - Node <click_unit/grid_state_6> of sequential type is unconnected in block <Ploca>.
WARNING:Xst:2677 - Node <click_unit/grid_state_7> of sequential type is unconnected in block <Ploca>.
WARNING:Xst:2677 - Node <click_unit/grid_state_8> of sequential type is unconnected in block <Ploca>.
WARNING:Xst:2677 - Node <click_unit/grid_state_10> of sequential type is unconnected in block <Ploca>.
WARNING:Xst:2677 - Node <click_unit/grid_state_11> of sequential type is unconnected in block <Ploca>.
WARNING:Xst:2677 - Node <click_unit/grid_state_9> of sequential type is unconnected in block <Ploca>.
WARNING:Xst:2677 - Node <click_unit/grid_state_12> of sequential type is unconnected in block <Ploca>.
WARNING:Xst:2677 - Node <click_unit/grid_state_13> of sequential type is unconnected in block <Ploca>.
WARNING:Xst:2677 - Node <click_unit/grid_state_14> of sequential type is unconnected in block <Ploca>.
WARNING:Xst:2677 - Node <click_unit/grid_state_15> of sequential type is unconnected in block <Ploca>.
WARNING:Xst:2677 - Node <click_unit/grid_state_16> of sequential type is unconnected in block <Ploca>.
WARNING:Xst:2677 - Node <click_unit/grid_state_17> of sequential type is unconnected in block <Ploca>.
WARNING:Xst:2677 - Node <click_unit/grid_state_19> of sequential type is unconnected in block <Ploca>.
WARNING:Xst:2677 - Node <click_unit/grid_state_20> of sequential type is unconnected in block <Ploca>.
WARNING:Xst:2677 - Node <click_unit/grid_state_18> of sequential type is unconnected in block <Ploca>.
WARNING:Xst:2677 - Node <click_unit/grid_state_21> of sequential type is unconnected in block <Ploca>.
WARNING:Xst:2677 - Node <click_unit/grid_state_22> of sequential type is unconnected in block <Ploca>.
WARNING:Xst:2677 - Node <click_unit/grid_state_23> of sequential type is unconnected in block <Ploca>.
WARNING:Xst:2677 - Node <click_unit/grid_state_24> of sequential type is unconnected in block <Ploca>.
WARNING:Xst:2677 - Node <click_unit/grid_state_25> of sequential type is unconnected in block <Ploca>.
WARNING:Xst:2677 - Node <click_unit/grid_state_26> of sequential type is unconnected in block <Ploca>.
WARNING:Xst:2677 - Node <click_unit/grid_state_28> of sequential type is unconnected in block <Ploca>.
WARNING:Xst:2677 - Node <click_unit/grid_state_29> of sequential type is unconnected in block <Ploca>.
WARNING:Xst:2677 - Node <click_unit/grid_state_27> of sequential type is unconnected in block <Ploca>.
WARNING:Xst:2677 - Node <click_unit/grid_state_30> of sequential type is unconnected in block <Ploca>.
WARNING:Xst:2677 - Node <click_unit/grid_state_31> of sequential type is unconnected in block <Ploca>.
WARNING:Xst:2677 - Node <click_unit/grid_state_32> of sequential type is unconnected in block <Ploca>.
WARNING:Xst:2677 - Node <click_unit/grid_state_33> of sequential type is unconnected in block <Ploca>.
WARNING:Xst:2677 - Node <click_unit/grid_state_34> of sequential type is unconnected in block <Ploca>.
WARNING:Xst:2677 - Node <click_unit/grid_state_35> of sequential type is unconnected in block <Ploca>.
WARNING:Xst:2677 - Node <click_unit/grid_state_36> of sequential type is unconnected in block <Ploca>.
WARNING:Xst:2677 - Node <click_unit/grid_state_37> of sequential type is unconnected in block <Ploca>.
WARNING:Xst:2677 - Node <click_unit/grid_state_38> of sequential type is unconnected in block <Ploca>.
WARNING:Xst:2677 - Node <click_unit/grid_state_39> of sequential type is unconnected in block <Ploca>.
WARNING:Xst:2677 - Node <click_unit/grid_state_40> of sequential type is unconnected in block <Ploca>.
WARNING:Xst:2677 - Node <click_unit/grid_state_41> of sequential type is unconnected in block <Ploca>.
WARNING:Xst:2677 - Node <click_unit/grid_state_42> of sequential type is unconnected in block <Ploca>.
WARNING:Xst:2677 - Node <click_unit/grid_state_43> of sequential type is unconnected in block <Ploca>.
WARNING:Xst:2677 - Node <click_unit/grid_state_45> of sequential type is unconnected in block <Ploca>.
WARNING:Xst:2677 - Node <click_unit/grid_state_46> of sequential type is unconnected in block <Ploca>.
WARNING:Xst:2677 - Node <click_unit/grid_state_44> of sequential type is unconnected in block <Ploca>.
WARNING:Xst:2677 - Node <click_unit/grid_state_47> of sequential type is unconnected in block <Ploca>.
WARNING:Xst:2677 - Node <click_unit/grid_state_48> of sequential type is unconnected in block <Ploca>.
WARNING:Xst:2677 - Node <click_unit/grid_state_49> of sequential type is unconnected in block <Ploca>.
WARNING:Xst:2677 - Node <click_unit/grid_state_50> of sequential type is unconnected in block <Ploca>.
WARNING:Xst:2677 - Node <click_unit/grid_state_51> of sequential type is unconnected in block <Ploca>.
WARNING:Xst:2677 - Node <click_unit/grid_state_52> of sequential type is unconnected in block <Ploca>.
WARNING:Xst:2677 - Node <click_unit/grid_state_54> of sequential type is unconnected in block <Ploca>.
WARNING:Xst:2677 - Node <click_unit/grid_state_55> of sequential type is unconnected in block <Ploca>.
WARNING:Xst:2677 - Node <click_unit/grid_state_53> of sequential type is unconnected in block <Ploca>.
WARNING:Xst:2677 - Node <click_unit/grid_state_56> of sequential type is unconnected in block <Ploca>.
WARNING:Xst:2677 - Node <click_unit/grid_state_57> of sequential type is unconnected in block <Ploca>.
WARNING:Xst:2677 - Node <click_unit/grid_state_58> of sequential type is unconnected in block <Ploca>.
WARNING:Xst:2677 - Node <click_unit/grid_state_59> of sequential type is unconnected in block <Ploca>.
WARNING:Xst:2677 - Node <click_unit/grid_state_60> of sequential type is unconnected in block <Ploca>.
WARNING:Xst:2677 - Node <click_unit/grid_state_61> of sequential type is unconnected in block <Ploca>.
WARNING:Xst:2677 - Node <click_unit/grid_state_63> of sequential type is unconnected in block <Ploca>.
WARNING:Xst:2677 - Node <click_unit/grid_state_62> of sequential type is unconnected in block <Ploca>.

Mapping all equations...
Building and optimizing final netlist ...
INFO:Xst:2261 - The FF/Latch <mouse_unit/ps2_unit/ps2_tx_unit/filter_reg_7> in Unit <Ploca> is equivalent to the following FF/Latch, which will be removed : <mouse_unit/ps2_unit/ps2_rx_unit/filter_reg_7> 
INFO:Xst:2261 - The FF/Latch <mouse_unit/ps2_unit/ps2_tx_unit/filter_reg_6> in Unit <Ploca> is equivalent to the following FF/Latch, which will be removed : <mouse_unit/ps2_unit/ps2_rx_unit/filter_reg_6> 
INFO:Xst:2261 - The FF/Latch <mouse_unit/ps2_unit/ps2_tx_unit/filter_reg_5> in Unit <Ploca> is equivalent to the following FF/Latch, which will be removed : <mouse_unit/ps2_unit/ps2_rx_unit/filter_reg_5> 
INFO:Xst:2261 - The FF/Latch <mouse_unit/ps2_unit/ps2_tx_unit/filter_reg_4> in Unit <Ploca> is equivalent to the following FF/Latch, which will be removed : <mouse_unit/ps2_unit/ps2_rx_unit/filter_reg_4> 
INFO:Xst:2261 - The FF/Latch <mouse_unit/ps2_unit/ps2_tx_unit/filter_reg_3> in Unit <Ploca> is equivalent to the following FF/Latch, which will be removed : <mouse_unit/ps2_unit/ps2_rx_unit/filter_reg_3> 
INFO:Xst:2261 - The FF/Latch <mouse_unit/ps2_unit/ps2_tx_unit/filter_reg_2> in Unit <Ploca> is equivalent to the following FF/Latch, which will be removed : <mouse_unit/ps2_unit/ps2_rx_unit/filter_reg_2> 
INFO:Xst:2261 - The FF/Latch <mouse_unit/ps2_unit/ps2_tx_unit/filter_reg_1> in Unit <Ploca> is equivalent to the following FF/Latch, which will be removed : <mouse_unit/ps2_unit/ps2_rx_unit/filter_reg_1> 
INFO:Xst:2261 - The FF/Latch <mouse_unit/ps2_unit/ps2_tx_unit/filter_reg_0> in Unit <Ploca> is equivalent to the following FF/Latch, which will be removed : <mouse_unit/ps2_unit/ps2_rx_unit/filter_reg_0> 
Found area constraint ratio of 100 (+ 5) on block Ploca, actual ratio is 112.
Optimizing block <Ploca> to meet ratio 100 (+ 5) of 4656 slices :
Area constraint is met for block <Ploca>, final ratio is 105.
FlipFlop d_0 has been replicated 1 time(s)
FlipFlop d_2 has been replicated 1 time(s)
FlipFlop polje_index_0 has been replicated 1 time(s)

Final Macro Processing ...

=========================================================================
Final Register Report

Macro Statistics
# Registers                                            : 900
 Flip-Flops                                            : 900

=========================================================================

=========================================================================
*                           Partition Report                            *
=========================================================================

Partition Implementation Status
-------------------------------

  No Partitions were found in this design.

-------------------------------

=========================================================================
*                            Final Report                               *
=========================================================================
Final Results
RTL Top Level Output File Name     : Ploca.ngr
Top Level Output File Name         : Ploca
Output Format                      : NGC
Optimization Goal                  : Speed
Keep Hierarchy                     : No

Design Statistics
# IOs                              : 18

Cell Usage :
# BELS                             : 10875
#      GND                         : 1
#      INV                         : 40
#      LUT1                        : 39
#      LUT2                        : 314
#      LUT2_D                      : 118
#      LUT2_L                      : 29
#      LUT3                        : 2345
#      LUT3_D                      : 86
#      LUT3_L                      : 66
#      LUT4                        : 4821
#      LUT4_D                      : 371
#      LUT4_L                      : 911
#      MUXCY                       : 115
#      MUXF5                       : 936
#      MUXF6                       : 337
#      MUXF7                       : 158
#      MUXF8                       : 72
#      VCC                         : 1
#      XORCY                       : 115
# FlipFlops/Latches                : 900
#      FD                          : 15
#      FDC                         : 75
#      FDCE                        : 108
#      FDPE                        : 8
#      FDR                         : 143
#      FDRE                        : 415
#      FDRS                        : 131
#      FDRSE                       : 1
#      FDSE                        : 4
# Clock Buffers                    : 2
#      BUFG                        : 1
#      BUFGP                       : 1
# IO Buffers                       : 17
#      IBUF                        : 2
#      IOBUF                       : 2
#      OBUF                        : 13
=========================================================================

Device utilization summary:
---------------------------

Selected Device : 3s500efg320-5 

 Number of Slices:                     4828  out of   4656   103% (*) 
 Number of Slice Flip Flops:            900  out of   9312     9%  
 Number of 4 input LUTs:               9140  out of   9312    98%  
 Number of IOs:                          18
 Number of bonded IOBs:                  18  out of    232     7%  
 Number of GCLKs:                         2  out of     24     8%  

WARNING:Xst:1336 -  (*) More than 100% of Device resources are used

---------------------------
Partition Resource Summary:
---------------------------

  No Partitions were found in this design.

---------------------------


=========================================================================
TIMING REPORT

NOTE: THESE TIMING NUMBERS ARE ONLY A SYNTHESIS ESTIMATE.
      FOR ACCURATE TIMING INFORMATION PLEASE REFER TO THE TRACE REPORT
      GENERATED AFTER PLACE-and-ROUTE.

Clock Information:
------------------
-----------------------------------+------------------------+-------+
Clock Signal                       | Clock buffer(FF name)  | Load  |
-----------------------------------+------------------------+-------+
CLK                                | BUFGP                  | 877   |
clk251                             | BUFG                   | 23    |
-----------------------------------+------------------------+-------+

Asynchronous Control Signals Information:
----------------------------------------
-----------------------------------+------------------------+-------+
Control Signal                     | Buffer(FF name)        | Load  |
-----------------------------------+------------------------+-------+
RESET                              | IBUF                   | 191   |
-----------------------------------+------------------------+-------+

Timing Summary:
---------------
Speed Grade: -5

   Minimum period: 20.552ns (Maximum Frequency: 48.657MHz)
   Minimum input arrival time before clock: 4.789ns
   Maximum output required time after clock: 22.067ns
   Maximum combinational path delay: No path found

Timing Detail:
--------------
All values displayed in nanoseconds (ns)

=========================================================================
Timing constraint: Default period analysis for Clock 'CLK'
  Clock period: 20.552ns (frequency: 48.657MHz)
  Total number of paths / destination ports: 42816232 / 2018
-------------------------------------------------------------------------
Delay:               20.552ns (Levels of Logic = 17)
  Source:            polje_index_2 (FF)
  Destination:       polje_11_3 (FF)
  Source Clock:      CLK rising
  Destination Clock: CLK rising

  Data Path: polje_index_2 to polje_11_3
                                Gate     Net
    Cell:in->out      fanout   Delay   Delay  Logical Name (Net Name)
    ----------------------------------------  ------------
     FDRS:C->Q           260   0.514   1.286  polje_index_2 (polje_index_2)
     LUT2_D:I0->O         22   0.612   0.992  SF29211 (N16351)
     LUT4_D:I3->O         16   0.612   0.909  COND_35_cmp_eq00141 (COND_35_cmp_eq0014)
     LUT4:I2->O            1   0.612   0.360  old_mine_count_39_cmp_eq00003110_SW0 (N9111)
     LUT4:I3->O            1   0.612   0.387  old_mine_count_39_cmp_eq00003110 (old_mine_count_39_cmp_eq00003110)
     LUT4:I2->O            1   0.612   0.360  old_mine_count_39_cmp_eq00003147 (old_mine_count_39_cmp_eq00003147)
     LUT4_L:I3->LO         1   0.612   0.103  old_mine_count_39_cmp_eq00003178 (old_mine_count_39_cmp_eq00003178)
     LUT4:I3->O            1   0.612   0.360  old_mine_count_39_cmp_eq00003260 (old_mine_count_39_cmp_eq00003260)
     LUT4_L:I3->LO         1   0.612   0.103  old_mine_count_39_cmp_eq00003272 (old_mine_count_39_cmp_eq00003272)
     LUT4:I3->O            1   0.612   0.360  old_mine_count_39_cmp_eq00003741 (old_mine_count_39_cmp_eq0000)
     LUT4:I3->O            8   0.612   0.646  _old_mine_count_39<0>11 (N5151)
     LUT4:I3->O            3   0.612   0.454  _old_mine_count_39<1>1 (Madd_old_mine_count_42_addsub0000_lut<1>)
     LUT4_D:I3->LO         1   0.612   0.130  Madd_old_mine_count_45_addsub0000_cy<1>11 (N3450)
     LUT3:I2->O           27   0.612   1.075  _old_mine_count_45<2>1 (Madd_old_mine_count_48_addsub0000_lut<2>)
     LUT4:I3->O            1   0.612   0.387  _old_mine_count_48<3>1 (Madd_old_mine_count_49_addsub0000_lut<3>)
     LUT4_D:I2->O         97   0.612   1.093  polje_0_mux0000<0>3 (N2147)
     LUT4:I3->O            1   0.612   0.360  polje_58_mux0000<0>_SW0 (N8071)
     LUT4:I3->O            1   0.612   0.000  polje_58_mux0000<0> (polje_58_mux0000<0>)
     FDR:D                     0.268          polje_58_3
    ----------------------------------------
    Total                     20.552ns (11.186ns logic, 9.366ns route)
                                       (54.4% logic, 45.6% route)

=========================================================================
Timing constraint: Default period analysis for Clock 'clk251'
  Clock period: 6.185ns (frequency: 161.672MHz)
  Total number of paths / destination ports: 463 / 33
-------------------------------------------------------------------------
Delay:               6.185ns (Levels of Logic = 5)
  Source:            v_counter_2 (FF)
  Destination:       grid (FF)
  Source Clock:      clk251 rising
  Destination Clock: clk251 rising

  Data Path: v_counter_2 to grid
                                Gate     Net
    Cell:in->out      fanout   Delay   Delay  Logical Name (Net Name)
    ----------------------------------------  ------------
     FDCE:C->Q            61   0.514   1.233  v_counter_2 (v_counter_2)
     LUT3:I0->O            3   0.612   0.454  rect_area_outline_cmp_ge000131 (N2651)
     LUT4:I3->O            1   0.612   0.000  grid_mux0000234_SW0_G (N2008)
     MUXF5:I1->O           1   0.278   0.509  grid_mux0000234_SW0 (N15371)
     LUT4:I0->O            3   0.612   0.481  grid_mux0000234 (N15571)
     LUT4:I2->O            1   0.612   0.000  grid_mux0000 (grid_mux0000)
     FDCE:D                    0.268          grid
    ----------------------------------------
    Total                      6.185ns (3.508ns logic, 2.677ns route)
                                       (56.7% logic, 43.3% route)

=========================================================================
Timing constraint: Default OFFSET IN BEFORE for Clock 'CLK'
  Total number of paths / destination ports: 694 / 694
-------------------------------------------------------------------------
Offset:              4.789ns (Levels of Logic = 2)
  Source:            RESET (PAD)
  Destination:       d_0 (FF)
  Destination Clock: CLK rising

  Data Path: RESET to d_0
                                Gate     Net
    Cell:in->out      fanout   Delay   Delay  Logical Name (Net Name)
    ----------------------------------------  ------------
     IBUF:I->O           193   1.106   1.119  RESET_IBUF (RESET_IBUF)
     LUT4:I3->O          346   0.612   1.157  state_or00001 (state_or0000)
     FDRE:R                    0.795          d_0
    ----------------------------------------
    Total                      4.789ns (2.513ns logic, 2.276ns route)
                                       (52.5% logic, 47.5% route)

=========================================================================
Timing constraint: Default OFFSET IN BEFORE for Clock 'clk251'
  Total number of paths / destination ports: 46 / 46
-------------------------------------------------------------------------
Offset:              4.111ns (Levels of Logic = 2)
  Source:            SW0 (PAD)
  Destination:       h_counter_0 (FF)
  Destination Clock: clk251 rising

  Data Path: SW0 to h_counter_0
                                Gate     Net
    Cell:in->out      fanout   Delay   Delay  Logical Name (Net Name)
    ----------------------------------------  ------------
     IBUF:I->O            25   1.106   1.074  SW0_IBUF (SW0_IBUF)
     LUT4:I3->O           13   0.612   0.836  h_counter_not00021 (h_counter_not0002)
     FDCE:CE                   0.483          h_counter_0
    ----------------------------------------
    Total                      4.111ns (2.201ns logic, 1.910ns route)
                                       (53.5% logic, 46.5% route)

=========================================================================
Timing constraint: Default OFFSET OUT AFTER for Clock 'CLK'
  Total number of paths / destination ports: 23043 / 13
-------------------------------------------------------------------------
Offset:              21.617ns (Levels of Logic = 18)
  Source:            flag_count_1 (FF)
  Destination:       VGA_G (PAD)
  Source Clock:      CLK rising

  Data Path: flag_count_1 to VGA_G
                                Gate     Net
    Cell:in->out      fanout   Delay   Delay  Logical Name (Net Name)
    ----------------------------------------  ------------
     FDRE:C->Q            23   0.514   1.174  flag_count_1 (flag_count_1)
     LUT2:I0->O            4   0.612   0.529  Madd_led_state_sub0000_cy<1>1 (Madd_led_state_sub0000_cy<1>)
     LUT4:I2->O           11   0.612   0.823  units_digit_cmp_eq0000_SW1 (N1855)
     LUT3:I2->O           30   0.612   1.141  units_digit_cmp_eq0000 (units_digit_cmp_eq0000)
     LUT3:I1->O           33   0.612   1.103  units_digit<3>1 (units_digit<3>)
     LUT4:I2->O            2   0.612   0.532  units_digit_inst/row_data<4>17 (units_digit_inst/N01)
     LUT4:I0->O            1   0.612   0.000  units_digit_inst/row_data<4>2511 (units_digit_inst/row_data<4>2511)
     MUXF5:I1->O           1   0.278   0.387  units_digit_inst/row_data<4>251_f5 (units_digit_inst/row_data<4>251)
     LUT4:I2->O            3   0.612   0.454  units_digit_inst/row_data<4>2124 (units_digit_inst/N5)
     LUT4:I3->O            1   0.612   0.000  units_digit_inst/row_data<3>55_F (N20751)
     MUXF5:I0->O           1   0.278   0.360  units_digit_inst/row_data<3>55 (units_digit_inst/row_data<3>55)
     LUT4:I3->O            1   0.612   0.426  units_digit_inst/row_data<3>210 (units_digit_inst/row_data<3>)
     LUT3:I1->O            1   0.612   0.000  units_digit_inst/Mmux__COND_86_5 (units_digit_inst/Mmux__COND_86_5)
     MUXF5:I0->O           1   0.278   0.000  units_digit_inst/Mmux__COND_86_3_f5 (units_digit_inst/Mmux__COND_86_3_f5)
     MUXF6:I1->O           1   0.451   0.426  units_digit_inst/Mmux__COND_86_2_f6 (units_digit_inst/_COND_86)
     LUT4:I1->O            2   0.612   0.449  show_timer277 (show_timer)
     LUT4:I1->O            2   0.612   0.532  VGA_G311 (N15291)
     LUT4:I0->O            1   0.612   0.357  VGA_G74 (VGA_G_OBUF)
     OBUF:I->O                 3.169          VGA_G_OBUF (VGA_G)
    ----------------------------------------
    Total                     21.617ns (12.924ns logic, 8.693ns route)
                                       (59.8% logic, 40.2% route)

=========================================================================
Timing constraint: Default OFFSET OUT AFTER for Clock 'clk251'
  Total number of paths / destination ports: 85806 / 5
-------------------------------------------------------------------------
Offset:              22.067ns (Levels of Logic = 27)
  Source:            h_counter_0 (FF)
  Destination:       VGA_G (PAD)
  Source Clock:      clk251 rising

  Data Path: h_counter_0 to VGA_G
                                Gate     Net
    Cell:in->out      fanout   Delay   Delay  Logical Name (Net Name)
    ----------------------------------------  ------------
     FDCE:C->Q            36   0.514   1.226  h_counter_0 (h_counter_0)
     LUT1:I0->O            1   0.612   0.000  Msub__AUX_h_pos_79_cy<0>_rt (Msub__AUX_h_pos_79_cy<0>_rt)
     MUXCY:S->O            1   0.404   0.000  Msub__AUX_h_pos_79_cy<0> (Msub__AUX_h_pos_79_cy<0>)
     MUXCY:CI->O           1   0.052   0.000  Msub__AUX_h_pos_79_cy<1> (Msub__AUX_h_pos_79_cy<1>)
     MUXCY:CI->O           1   0.052   0.000  Msub__AUX_h_pos_79_cy<2> (Msub__AUX_h_pos_79_cy<2>)
     MUXCY:CI->O           1   0.052   0.000  Msub__AUX_h_pos_79_cy<3> (Msub__AUX_h_pos_79_cy<3>)
     MUXCY:CI->O           1   0.052   0.000  Msub__AUX_h_pos_79_cy<4> (Msub__AUX_h_pos_79_cy<4>)
     MUXCY:CI->O           1   0.052   0.000  Msub__AUX_h_pos_79_cy<5> (Msub__AUX_h_pos_79_cy<5>)
     MUXCY:CI->O           1   0.052   0.000  Msub__AUX_h_pos_79_cy<6> (Msub__AUX_h_pos_79_cy<6>)
     MUXCY:CI->O           1   0.052   0.000  Msub__AUX_h_pos_79_cy<7> (Msub__AUX_h_pos_79_cy<7>)
     XORCY:CI->O           1   0.699   0.509  Msub__AUX_h_pos_79_xor<8> (_AUX_h_pos_79<8>)
     LUT4:I0->O            1   0.612   0.509  tens_digit_inst/valid_position12 (tens_digit_inst/valid_position12)
     LUT4:I0->O            1   0.612   0.360  tens_digit_inst/valid_position59_SW0 (N14651)
     LUT4:I3->O            7   0.612   0.632  tens_digit_inst/valid_position59 (tens_digit_inst/valid_position)
     LUT3:I2->O            2   0.612   0.383  tens_digit_inst/row_data<6>4 (tens_digit_inst/N24)
     LUT4:I3->O            1   0.612   0.000  tens_digit_inst/row_data<6>25_SW0_F (N20791)
     MUXF5:I0->O           1   0.278   0.360  tens_digit_inst/row_data<6>25_SW0 (N1065)
     LUT4:I3->O            1   0.612   0.509  tens_digit_inst/row_data<6>25 (tens_digit_inst/row_data<6>25)
     LUT4:I0->O            1   0.612   0.387  tens_digit_inst/row_data<6>172 (tens_digit_inst/row_data<6>)
     LUT3:I2->O            1   0.612   0.000  tens_digit_inst/Mmux__COND_86_6 (tens_digit_inst/Mmux__COND_86_6)
     MUXF5:I0->O           1   0.278   0.000  tens_digit_inst/Mmux__COND_86_4_f5 (tens_digit_inst/Mmux__COND_86_4_f5)
     MUXF6:I0->O           1   0.451   0.357  tens_digit_inst/Mmux__COND_86_2_f6 (tens_digit_inst/_COND_86)
     MUXF5:S->O            1   0.641   0.387  show_timer36_SW0_f5 (N14132)
     LUT4:I2->O            1   0.612   0.360  show_timer36 (show_timer36)
     LUT4:I3->O            2   0.612   0.449  show_timer277 (show_timer)
     LUT4:I1->O            2   0.612   0.532  VGA_G311 (N15291)
     LUT4:I0->O            1   0.612   0.357  VGA_G74 (VGA_G_OBUF)
     OBUF:I->O                 3.169          VGA_G_OBUF (VGA_G)
    ----------------------------------------
    Total                     22.067ns (14.751ns logic, 7.317ns route)
                                       (66.8% logic, 33.2% route)

=========================================================================


Total REAL time to Xst completion: 420.00 secs
Total CPU time to Xst completion: 420.05 secs
 
--> 

Total memory usage is 934488 kilobytes

Number of errors   :    0 (   0 filtered)
Number of warnings :  115 (   0 filtered)
Number of infos    :   44 (   0 filtered)

