iMPACT Version: Apr  9 2010 22:15:09

iMPACT log file Started on Thu Aug  4 23:46:30 2011

Preference Table
Name                 Setting             
StartupClock         Auto_Correction     
AutoSignature        False               
KeepSVF              False               
ConcurrentMode       False               
UseHighz             False               
ConfigOnFailure      Stop                
UserLevel            Novice              
MessageLevel         Detailed            
svfUseTime           false               
SpiByteSwap          Auto_Correction     
AutoInfer            false               
SvfPlayDisplayComments false               
Enumerating cables. Please wait.
Reusing A0010001 key.
Reusing 24010001 key.
 Cable is LOCKED. Retrying...
 The cable is being used by another application.
 Please try opening the cable connection at a later time.
=======================================================
Cable is already locked in port usb21.
=======================================================
Reusing A1010001 key.
Reusing 25010001 key.
Connecting to cable (Usb Port - USB22).
Checking cable driver.
File version of /opt/Xilinx/12.1/ISE_DS/ISE/bin/lin64/xusbdfwu.hex = 1030.
File version of /usr/share/xusbdfwu.hex = 1030.
 Using libusb.
 Kernel release = 2.6.38-10-generic.
Cable connection failed.
INFO:iMPACT - Failed to open file: -- File ? --, replace with 'bypss'.
INFO:iMPACT:1777 - 
   Reading /opt/Xilinx/12.1/ISE_DS/ISE/spartan3e/data/xc3s500e.bsd...
INFO:iMPACT:501 - '1': Added Device xc3s500e successfully.
----------------------------------------------------------------------
----------------------------------------------------------------------
INFO:iMPACT:1777 - 
   Reading /opt/Xilinx/12.1/ISE_DS/ISE/xcf/data/xcf04s.bsd...
INFO:iMPACT:501 - '2': Added Device xcf04s successfully.
----------------------------------------------------------------------
----------------------------------------------------------------------
'2': Loading file 'Mouse2.mcs' ...
done.
INFO:iMPACT - Failed to open file: -- File ? --, replace with 'bypss'.
INFO:iMPACT:1777 - 
   Reading /opt/Xilinx/12.1/ISE_DS/ISE/xbr/data/xc2c64a.bsd...
INFO:iMPACT:501 - '3': Added Device xc2c64a successfully.
----------------------------------------------------------------------
----------------------------------------------------------------------
INFO:iMPACT - Failed to open file:   /home/george/Electronics/FPGA/Mouse2/ps2_mouse_interface.bit, replace with   'bypss'.
INFO:iMPACT:501 - '1': Added Device xc3s500e successfully.
----------------------------------------------------------------------
----------------------------------------------------------------------
'1': Added Device xcf04s successfully.
----------------------------------------------------------------------
Active mode is BS
INFO:iMPACT:1952 - Reader for device 0 does not exist.
----------------------------------------------------------------------
----------------------------------------------------------------------
----------------------------------------------------------------------
----------------------------------------------------------------------
