MO Mouse_Test NULL ../Mouse2/Mouse_Test.v vlg78/_mouse___test.bin 1749575005
MO ps2_rx NULL ps2_rx.v vlg56/ps2__rx.bin 1752067958
MO grid_sprite NULL grid_sprite.v vlg30/grid__sprite.bin 1750763069
MO ps2_tx NULL ps2_tx.v vlg60/ps2__tx.bin 1752067958
MO test1 NULL test1.v vlg35/test1.bin 1749569274
MO ps2_rxtx NULL ps2_rxtx.v vlg22/ps2__rxtx.bin 1752067958
MO mouse_controller NULL ../Mouse2/Mouse_Test.v vlg78/mouse__controller.bin 1749576389
MO debounce NULL debounce.v vlg1D/debounce.bin 1750434524
MO Ploca NULL Ploca.v vlg33/_ploca.bin 1752067958
MO Flags NULL Flags.v vlg11/_flags.bin 1752067958
MO ps2_mouse_interface NULL ../Mouse2/ps2_mouse_interface.v vlg51/ps2__mouse__interface.bin 1749570204
MO mouse NULL mouse.v vlg61/mouse.bin 1752067958
MO grid_click NULL grid_click.v vlg03/grid__click.bin 1752067958
MO ps2_mouse NULL ../Mouse2/Mouse_Test.v vlg75/ps2__mouse.bin 1749580956
MO grid_click_right NULL grid_click_right.v vlg68/grid__click__right.bin 1752067958
